// Jest Snapshot v1, https://goo.gl/fbAQLP

exports[`should render editexpensepage correctly 1`] = `
<Fragment>
  <ExpenseForm
    expense={
      Object {
        "amount": 70000,
        "createdAt": -432000000,
        "description": "gas bill",
        "id": "3",
      }
    }
    onSubmit={[Function]}
  />
  <button
    onClick={[Function]}
  >
    Remove
  </button>
</Fragment>
`;
