// Jest Snapshot v1, https://goo.gl/fbAQLP

exports[`should render editexpensepage correctly 1`] = `
<Fragment>
  <div
    className="page-header"
  >
    <div
      className="content-container"
    >
      <h1
        className="page-header__title"
      >
        Edit Expense
      </h1>
    </div>
  </div>
  <div
    className="content-container"
  >
    <ExpenseForm
      expense={
        Object {
          "amount": 70000,
          "createdAt": -432000000,
          "description": "gas bill",
          "id": "3",
          "note": "",
        }
      }
      onRemove={[Function]}
      onSubmit={[Function]}
      showRemoveButton={true}
    />
  </div>
</Fragment>
`;
