// Jest Snapshot v1, https://goo.gl/fbAQLP

exports[`should render login page 1`] = `
<div
  className="box-layout"
>
  <div
    className="box-layout__box"
  >
    <h1
      className="box-layout__header"
    >
      budget trackr
    </h1>
    <p>
      Keep track of your spending.
    </p>
    <button
      className="button"
    >
      Login with Google
    </button>
  </div>
</div>
`;
